// Jest Snapshot v1, https://goo.gl/fbAQLP

exports[`Navbar Test Suite Renders the Navbar successfully 1`] = `
<header
  className="MuiPaper-root MuiPaper-elevation4 MuiAppBar-root MuiAppBar-positionFixed makeStyles-appBar-1 MuiAppBar-colorPrimary mui-fixed"
>
  <div
    className="MuiToolbar-root MuiToolbar-regular makeStyles-container-2 MuiToolbar-gutters"
  >
    <div
      className="makeStyles-flex-3"
    >
      <button
        className="MuiButtonBase-root MuiButton-root makeStyles-button-52 makeStyles-transparent-61 makeStyles-title-5 MuiButton-text"
        disabled={false}
        onBlur={[Function]}
        onDragLeave={[Function]}
        onFocus={[Function]}
        onKeyDown={[Function]}
        onKeyUp={[Function]}
        onMouseDown={[Function]}
        onMouseLeave={[Function]}
        onMouseUp={[Function]}
        onTouchEnd={[Function]}
        onTouchMove={[Function]}
        onTouchStart={[Function]}
        tabIndex={0}
        type="button"
      >
        <span
          className="MuiButton-label"
        >
          <img
            alt="Company Logo"
            className="makeStyles-logoImage-4"
            src="logo.png"
          />
        </span>
      </button>
    </div>
  </div>
</header>
`;
