// Jest Snapshot v1, https://goo.gl/fbAQLP

exports[`Button test suite Renders the Button correctly 1`] = `
<button
  className="MuiButtonBase-root MuiButton-root makeStyles-button-1 MuiButton-text"
  disabled={false}
  onBlur={[Function]}
  onDragLeave={[Function]}
  onFocus={[Function]}
  onKeyDown={[Function]}
  onKeyUp={[Function]}
  onMouseDown={[Function]}
  onMouseLeave={[Function]}
  onMouseUp={[Function]}
  onTouchEnd={[Function]}
  onTouchMove={[Function]}
  onTouchStart={[Function]}
  tabIndex={0}
  type="button"
>
  <span
    className="MuiButton-label"
  >
    <p>
      Test
    </p>
  </span>
</button>
`;
